// Jest Snapshot v1, https://goo.gl/fbAQLP

exports[`Loading it should render 1`] = `ShallowWrapper {}`;
